{"event_type":"testBindingMetrics","queue.bindings":7}